This is pdfTeX, Version 3.141592653-2.6-1.40.24 (TeX Live 2022/Debian) (preloaded format=pdflatex 2026.5.8)  31 JUL 2026 16:40
entering extended mode
 restricted \write18 enabled.
 %&-line parsing enabled.
**main.tex
(./main.tex
LaTeX2e <2022-11-01> patch level 1
L3 programming layer <2023-01-16>
(/usr/share/texlive/texmf-dist/tex/latex/base/article.cls
Document Class: article 2022/07/02 v1.4n Standard LaTeX document class
(/usr/share/texlive/texmf-dist/tex/latex/base/size12.clo
File: size12.clo 2022/07/02 v1.4n Standard LaTeX file (size option)
)
\c@part=\count185
\c@section=\count186
\c@subsection=\count187
\c@subsubsection=\count188
\c@paragraph=\count189
\c@subparagraph=\count190
\c@figure=\count191
\c@table=\count192
\abovecaptionskip=\skip48
\belowcaptionskip=\skip49
\bibindent=\dimen140
)
(/usr/share/texlive/texmf-dist/tex/latex/base/inputenc.sty
Package: inputenc 2021/02/14 v1.3d Input encoding file
\inpenc@prehook=\toks16
\inpenc@posthook=\toks17
)
(/usr/share/texlive/texmf-dist/tex/latex/base/fontenc.sty
Package: fontenc 2021/04/29 v2.0v Standard LaTeX package
)
(/usr/share/texlive/texmf-dist/tex/generic/babel/babel.sty
Package: babel 2022/12/26 3.84 The Babel package
\babel@savecnt=\count193
\U@D=\dimen141
\l@unhyphenated=\language87

(/usr/share/texlive/texmf-dist/tex/generic/babel/txtbabel.def)
\bbl@readstream=\read2
\bbl@dirlevel=\count194

(/usr/share/texlive/texmf-dist/tex/generic/babel-portuges/brazil.ldf
Language: portuges 2021/07/09 v1.2t Portuguese support from the babel system
Package babel Info: Hyphen rules for 'brazil' set to \l@portuguese
(babel)             (\language37). Reported on input line 111.
Package babel Info: Making " an active character on input line 143.
))
(/usr/share/texlive/texmf-dist/tex/latex/psnfss/mathptmx.sty
Package: mathptmx 2020/03/25 PSNFSS-v9.3 Times w/ Math, improved (SPQR, WaS) 
LaTeX Font Info:    Redeclaring symbol font `operators' on input line 28.
LaTeX Font Info:    Overwriting symbol font `operators' in version `normal'
(Font)                  OT1/cmr/m/n --> OT1/ztmcm/m/n on input line 28.
LaTeX Font Info:    Overwriting symbol font `operators' in version `bold'
(Font)                  OT1/cmr/bx/n --> OT1/ztmcm/m/n on input line 28.
LaTeX Font Info:    Redeclaring symbol font `letters' on input line 29.
LaTeX Font Info:    Overwriting symbol font `letters' in version `normal'
(Font)                  OML/cmm/m/it --> OML/ztmcm/m/it on input line 29.
LaTeX Font Info:    Overwriting symbol font `letters' in version `bold'
(Font)                  OML/cmm/b/it --> OML/ztmcm/m/it on input line 29.
LaTeX Font Info:    Redeclaring symbol font `symbols' on input line 30.
LaTeX Font Info:    Overwriting symbol font `symbols' in version `normal'
(Font)                  OMS/cmsy/m/n --> OMS/ztmcm/m/n on input line 30.
LaTeX Font Info:    Overwriting symbol font `symbols' in version `bold'
(Font)                  OMS/cmsy/b/n --> OMS/ztmcm/m/n on input line 30.
LaTeX Font Info:    Redeclaring symbol font `largesymbols' on input line 31.
LaTeX Font Info:    Overwriting symbol font `largesymbols' in version `normal'
(Font)                  OMX/cmex/m/n --> OMX/ztmcm/m/n on input line 31.
LaTeX Font Info:    Overwriting symbol font `largesymbols' in version `bold'
(Font)                  OMX/cmex/m/n --> OMX/ztmcm/m/n on input line 31.
\symbold=\mathgroup4
\symitalic=\mathgroup5
LaTeX Font Info:    Redeclaring math alphabet \mathbf on input line 34.
LaTeX Font Info:    Overwriting math alphabet `\mathbf' in version `normal'
(Font)                  OT1/cmr/bx/n --> OT1/ptm/bx/n on input line 34.
LaTeX Font Info:    Overwriting math alphabet `\mathbf' in version `bold'
(Font)                  OT1/cmr/bx/n --> OT1/ptm/bx/n on input line 34.
LaTeX Font Info:    Redeclaring math alphabet \mathit on input line 35.
LaTeX Font Info:    Overwriting math alphabet `\mathit' in version `normal'
(Font)                  OT1/cmr/m/it --> OT1/ptm/m/it on input line 35.
LaTeX Font Info:    Overwriting math alphabet `\mathit' in version `bold'
(Font)                  OT1/cmr/bx/it --> OT1/ptm/m/it on input line 35.
LaTeX Info: Redefining \hbar on input line 50.
)
(/usr/share/texlive/texmf-dist/tex/latex/geometry/geometry.sty
Package: geometry 2020/01/02 v5.9 Page Geometry

(/usr/share/texlive/texmf-dist/tex/latex/graphics/keyval.sty
Package: keyval 2022/05/29 v1.15 key=value parser (DPC)
\KV@toks@=\toks18
)
(/usr/share/texlive/texmf-dist/tex/generic/iftex/ifvtex.sty
Package: ifvtex 2019/10/25 v1.7 ifvtex legacy package. Use iftex instead.

(/usr/share/texlive/texmf-dist/tex/generic/iftex/iftex.sty
Package: iftex 2022/02/03 v1.0f TeX engine tests
))
\Gm@cnth=\count195
\Gm@cntv=\count196
\c@Gm@tempcnt=\count197
\Gm@bindingoffset=\dimen142
\Gm@wd@mp=\dimen143
\Gm@odd@mp=\dimen144
\Gm@even@mp=\dimen145
\Gm@layoutwidth=\dimen146
\Gm@layoutheight=\dimen147
\Gm@layouthoffset=\dimen148
\Gm@layoutvoffset=\dimen149
\Gm@dimlist=\toks19
)
(/usr/share/texlive/texmf-dist/tex/latex/sectsty/sectsty.sty
Package: sectsty 2002/02/25 v2.0.2 Commands to change all sectional heading sty
les


LaTeX Warning: Command \underbar  has changed.
               Check if current package is valid.


LaTeX Warning: Command \underline  has changed.
               Check if current package is valid.

) (/usr/share/texlive/texmf-dist/tex/latex/graphics/graphicx.sty
Package: graphicx 2021/09/16 v1.2d Enhanced LaTeX Graphics (DPC,SPQR)

(/usr/share/texlive/texmf-dist/tex/latex/graphics/graphics.sty
Package: graphics 2022/03/10 v1.4e Standard LaTeX Graphics (DPC,SPQR)

(/usr/share/texlive/texmf-dist/tex/latex/graphics/trig.sty
Package: trig 2021/08/11 v1.11 sin cos tan (DPC)
)
(/usr/share/texlive/texmf-dist/tex/latex/graphics-cfg/graphics.cfg
File: graphics.cfg 2016/06/04 v1.11 sample graphics configuration
)
Package graphics Info: Driver file: pdftex.def on input line 107.

(/usr/share/texlive/texmf-dist/tex/latex/graphics-def/pdftex.def
File: pdftex.def 2022/09/22 v1.2b Graphics/color driver for pdftex
))
\Gin@req@height=\dimen150
\Gin@req@width=\dimen151
)
(/usr/share/texlive/texmf-dist/tex/latex/float/float.sty
Package: float 2001/11/08 v1.3d Float enhancements (AL)
\c@float@type=\count198
\float@exts=\toks20
\float@box=\box51
\@float@everytoks=\toks21
\@floatcapt=\box52
)
(/usr/share/texlive/texmf-dist/tex/latex/amsmath/amsmath.sty
Package: amsmath 2022/04/08 v2.17n AMS math features
\@mathmargin=\skip50

For additional information on amsmath, use the `?' option.
(/usr/share/texlive/texmf-dist/tex/latex/amsmath/amstext.sty
Package: amstext 2021/08/26 v2.01 AMS text

(/usr/share/texlive/texmf-dist/tex/latex/amsmath/amsgen.sty
File: amsgen.sty 1999/11/30 v2.0 generic functions
\@emptytoks=\toks22
\ex@=\dimen152
))
(/usr/share/texlive/texmf-dist/tex/latex/amsmath/amsbsy.sty
Package: amsbsy 1999/11/29 v1.2d Bold Symbols
\pmbraise@=\dimen153
)
(/usr/share/texlive/texmf-dist/tex/latex/amsmath/amsopn.sty
Package: amsopn 2022/04/08 v2.04 operator names
)
\inf@bad=\count199
LaTeX Info: Redefining \frac on input line 234.
\uproot@=\count266
\leftroot@=\count267
LaTeX Info: Redefining \overline on input line 399.
LaTeX Info: Redefining \colon on input line 410.
\classnum@=\count268
\DOTSCASE@=\count269
LaTeX Info: Redefining \ldots on input line 496.
LaTeX Info: Redefining \dots on input line 499.
LaTeX Info: Redefining \cdots on input line 620.
\Mathstrutbox@=\box53
\strutbox@=\box54
LaTeX Info: Redefining \big on input line 722.
LaTeX Info: Redefining \Big on input line 723.
LaTeX Info: Redefining \bigg on input line 724.
LaTeX Info: Redefining \Bigg on input line 725.
\big@size=\dimen154
LaTeX Font Info:    Redeclaring font encoding OML on input line 743.
LaTeX Font Info:    Redeclaring font encoding OMS on input line 744.
\macc@depth=\count270
LaTeX Info: Redefining \bmod on input line 905.
LaTeX Info: Redefining \pmod on input line 910.
LaTeX Info: Redefining \smash on input line 940.
LaTeX Info: Redefining \relbar on input line 970.
LaTeX Info: Redefining \Relbar on input line 971.
\c@MaxMatrixCols=\count271
\dotsspace@=\muskip16
\c@parentequation=\count272
\dspbrk@lvl=\count273
\tag@help=\toks23
\row@=\count274
\column@=\count275
\maxfields@=\count276
\andhelp@=\toks24
\eqnshift@=\dimen155
\alignsep@=\dimen156
\tagshift@=\dimen157
\tagwidth@=\dimen158
\totwidth@=\dimen159
\lineht@=\dimen160
\@envbody=\toks25
\multlinegap=\skip51
\multlinetaggap=\skip52
\mathdisplay@stack=\toks26
LaTeX Info: Redefining \[ on input line 2953.
LaTeX Info: Redefining \] on input line 2954.
)
(/usr/share/texlive/texmf-dist/tex/latex/setspace/setspace.sty
Package: setspace 2022/12/04 v6.7b set line spacing
)
(/usr/share/texlive/texmf-dist/tex/latex/tools/indentfirst.sty
Package: indentfirst 1995/11/23 v1.03 Indent first paragraph (DPC)
)
(/usr/share/texlive/texmf-dist/tex/latex/chngcntr/chngcntr.sty
Package: chngcntr 2018/04/09 v1.1a change counter resetting
Package chngcntr Info: \counterwithout already defined.
(chngcntr)             Quitting chngcntr on input line 21.
)
(/usr/share/texlive/texmf-dist/tex/latex/booktabs/booktabs.sty
Package: booktabs 2020/01/12 v1.61803398 Publication quality tables
\heavyrulewidth=\dimen161
\lightrulewidth=\dimen162
\cmidrulewidth=\dimen163
\belowrulesep=\dimen164
\belowbottomsep=\dimen165
\aboverulesep=\dimen166
\abovetopsep=\dimen167
\cmidrulesep=\dimen168
\cmidrulekern=\dimen169
\defaultaddspace=\dimen170
\@cmidla=\count277
\@cmidlb=\count278
\@aboverulesep=\dimen171
\@belowrulesep=\dimen172
\@thisruleclass=\count279
\@lastruleclass=\count280
\@thisrulewidth=\dimen173
)
(/usr/share/texlive/texmf-dist/tex/latex/multirow/multirow.sty
Package: multirow 2021/03/15 v2.8 Span multiple rows of a table
\multirow@colwidth=\skip53
\multirow@cntb=\count281
\multirow@dima=\skip54
\bigstrutjot=\dimen174
)
(/usr/share/texlive/texmf-dist/tex/latex/caption/subcaption.sty
Package: subcaption 2022/01/07 v1.5 Sub-captions (AR)

(/usr/share/texlive/texmf-dist/tex/latex/caption/caption.sty
Package: caption 2022/03/01 v3.6b Customizing captions (AR)

(/usr/share/texlive/texmf-dist/tex/latex/caption/caption3.sty
Package: caption3 2022/03/17 v2.3b caption3 kernel (AR)
\caption@tempdima=\dimen175
\captionmargin=\dimen176
\caption@leftmargin=\dimen177
\caption@rightmargin=\dimen178
\caption@width=\dimen179
\caption@indent=\dimen180
\caption@parindent=\dimen181
\caption@hangindent=\dimen182
Package caption Info: Standard document class detected.
)
\c@caption@flags=\count282
\c@continuedfloat=\count283
Package caption Info: float package is loaded.
)
\c@subfigure=\count284
\c@subtable=\count285
)
(/usr/share/texlive/texmf-dist/tex/latex/tools/longtable.sty
Package: longtable 2021-09-01 v4.17 Multi-page Table package (DPC)
\LTleft=\skip55
\LTright=\skip56
\LTpre=\skip57
\LTpost=\skip58
\LTchunksize=\count286
\LTcapwidth=\dimen183
\LT@head=\box55
\LT@firsthead=\box56
\LT@foot=\box57
\LT@lastfoot=\box58
\LT@gbox=\box59
\LT@cols=\count287
\LT@rows=\count288
\c@LT@tables=\count289
\c@LT@chunks=\count290
\LT@p@ftn=\toks27
)
(/usr/share/texlive/texmf-dist/tex/latex/natbib/natbib.sty
Package: natbib 2010/09/13 8.31b (PWD, AO)
\bibhang=\skip59
\bibsep=\skip60
LaTeX Info: Redefining \cite on input line 694.
\c@NAT@ctr=\count291
)
(/usr/share/texlive/texmf-dist/tex/latex/url/url.sty
\Urlmuskip=\muskip17
Package: url 2013/09/16  ver 3.4  Verb mode for urls, etc.
)
(/usr/share/texlive/texmf-dist/tex/latex/hyperref/hyperref.sty
Package: hyperref 2022-11-13 v7.00u Hypertext links for LaTeX

(/usr/share/texlive/texmf-dist/tex/generic/ltxcmds/ltxcmds.sty
Package: ltxcmds 2020-05-10 v1.25 LaTeX kernel commands for general use (HO)
)
(/usr/share/texlive/texmf-dist/tex/generic/pdftexcmds/pdftexcmds.sty
Package: pdftexcmds 2020-06-27 v0.33 Utility functions of pdfTeX for LuaTeX (HO
)

(/usr/share/texlive/texmf-dist/tex/generic/infwarerr/infwarerr.sty
Package: infwarerr 2019/12/03 v1.5 Providing info/warning/error messages (HO)
)
Package pdftexcmds Info: \pdf@primitive is available.
Package pdftexcmds Info: \pdf@ifprimitive is available.
Package pdftexcmds Info: \pdfdraftmode found.
)
(/usr/share/texlive/texmf-dist/tex/latex/kvsetkeys/kvsetkeys.sty
Package: kvsetkeys 2022-10-05 v1.19 Key value parser (HO)
)
(/usr/share/texlive/texmf-dist/tex/generic/kvdefinekeys/kvdefinekeys.sty
Package: kvdefinekeys 2019-12-19 v1.6 Define keys (HO)
)
(/usr/share/texlive/texmf-dist/tex/generic/pdfescape/pdfescape.sty
Package: pdfescape 2019/12/09 v1.15 Implements pdfTeX's escape features (HO)
)
(/usr/share/texlive/texmf-dist/tex/latex/hycolor/hycolor.sty
Package: hycolor 2020-01-27 v1.10 Color options for hyperref/bookmark (HO)
)
(/usr/share/texlive/texmf-dist/tex/latex/letltxmacro/letltxmacro.sty
Package: letltxmacro 2019/12/03 v1.6 Let assignment for LaTeX macros (HO)
)
(/usr/share/texlive/texmf-dist/tex/latex/auxhook/auxhook.sty
Package: auxhook 2019-12-17 v1.6 Hooks for auxiliary files (HO)
)
(/usr/share/texlive/texmf-dist/tex/latex/hyperref/nameref.sty
Package: nameref 2022-05-17 v2.50 Cross-referencing by name of section

(/usr/share/texlive/texmf-dist/tex/latex/refcount/refcount.sty
Package: refcount 2019/12/15 v3.6 Data extraction from label references (HO)
)
(/usr/share/texlive/texmf-dist/tex/generic/gettitlestring/gettitlestring.sty
Package: gettitlestring 2019/12/15 v1.6 Cleanup title references (HO)

(/usr/share/texlive/texmf-dist/tex/latex/kvoptions/kvoptions.sty
Package: kvoptions 2022-06-15 v3.15 Key value format for package options (HO)
))
\c@section@level=\count292
)
\@linkdim=\dimen184
\Hy@linkcounter=\count293
\Hy@pagecounter=\count294

(/usr/share/texlive/texmf-dist/tex/latex/hyperref/pd1enc.def
File: pd1enc.def 2022-11-13 v7.00u Hyperref: PDFDocEncoding definition (HO)
Now handling font encoding PD1 ...
... no UTF-8 mapping file for font encoding PD1
)
(/usr/share/texlive/texmf-dist/tex/generic/intcalc/intcalc.sty
Package: intcalc 2019/12/15 v1.3 Expandable calculations with integers (HO)
)
(/usr/share/texlive/texmf-dist/tex/generic/etexcmds/etexcmds.sty
Package: etexcmds 2019/12/15 v1.7 Avoid name clashes with e-TeX commands (HO)
)
\Hy@SavedSpaceFactor=\count295

(/usr/share/texlive/texmf-dist/tex/latex/hyperref/puenc.def
File: puenc.def 2022-11-13 v7.00u Hyperref: PDF Unicode definition (HO)
Now handling font encoding PU ...
... no UTF-8 mapping file for font encoding PU
)
Package hyperref Info: Option `colorlinks' set `true' on input line 4045.
Package hyperref Info: Option `breaklinks' set `true' on input line 4045.
Package hyperref Info: Hyper figures OFF on input line 4162.
Package hyperref Info: Link nesting OFF on input line 4167.
Package hyperref Info: Hyper index ON on input line 4170.
Package hyperref Info: Plain pages OFF on input line 4177.
Package hyperref Info: Backreferencing OFF on input line 4182.
Package hyperref Info: Implicit mode ON; LaTeX internals redefined.
Package hyperref Info: Bookmarks ON on input line 4410.
\c@Hy@tempcnt=\count296
LaTeX Info: Redefining \url on input line 4748.
\XeTeXLinkMargin=\dimen185

(/usr/share/texlive/texmf-dist/tex/generic/bitset/bitset.sty
Package: bitset 2019/12/09 v1.3 Handle bit-vector datatype (HO)

(/usr/share/texlive/texmf-dist/tex/generic/bigintcalc/bigintcalc.sty
Package: bigintcalc 2019/12/15 v1.5 Expandable calculations on big integers (HO
)
))
\Fld@menulength=\count297
\Field@Width=\dimen186
\Fld@charsize=\dimen187
Package hyperref Info: Hyper figures OFF on input line 6027.
Package hyperref Info: Link nesting OFF on input line 6032.
Package hyperref Info: Hyper index ON on input line 6035.
Package hyperref Info: backreferencing OFF on input line 6042.
Package hyperref Info: Link coloring ON on input line 6045.
Package hyperref Info: Link coloring with OCG OFF on input line 6052.
Package hyperref Info: PDF/A mode OFF on input line 6057.

(/usr/share/texlive/texmf-dist/tex/latex/base/atbegshi-ltx.sty
Package: atbegshi-ltx 2021/01/10 v1.0c Emulation of the original atbegshi
package with kernel methods
)
\Hy@abspage=\count298
\c@Item=\count299
\c@Hfootnote=\count300
)
Package hyperref Info: Driver (autodetected): hpdftex.

(/usr/share/texlive/texmf-dist/tex/latex/hyperref/hpdftex.def
File: hpdftex.def 2022-11-13 v7.00u Hyperref driver for pdfTeX

(/usr/share/texlive/texmf-dist/tex/latex/base/atveryend-ltx.sty
Package: atveryend-ltx 2020/08/19 v1.0a Emulation of the original atveryend pac
kage
with kernel methods
)
\Fld@listcount=\count301
\c@bookmark@seq@number=\count302

(/usr/share/texlive/texmf-dist/tex/latex/rerunfilecheck/rerunfilecheck.sty
Package: rerunfilecheck 2022-07-10 v1.10 Rerun checks for auxiliary files (HO)

(/usr/share/texlive/texmf-dist/tex/generic/uniquecounter/uniquecounter.sty
Package: uniquecounter 2019/12/15 v1.4 Provide unlimited unique counter (HO)
)
Package uniquecounter Info: New unique counter `rerunfilecheck' on input line 2
85.
)
\Hy@SectionHShift=\skip61
)
(/usr/share/texlive/texmf-dist/tex/latex/pdfpages/pdfpages.sty
Package: pdfpages 2022/12/19 v0.5x Insert pages of external PDF documents (AM)

(/usr/share/texlive/texmf-dist/tex/latex/base/ifthen.sty
Package: ifthen 2022/04/13 v1.1d Standard LaTeX ifthen package (DPC)
)
(/usr/share/texlive/texmf-dist/tex/latex/tools/calc.sty
Package: calc 2017/05/25 v4.3 Infix arithmetic (KKT,FJ)
\calc@Acount=\count303
\calc@Bcount=\count304
\calc@Adimen=\dimen188
\calc@Bdimen=\dimen189
\calc@Askip=\skip62
\calc@Bskip=\skip63
LaTeX Info: Redefining \setlength on input line 80.
LaTeX Info: Redefining \addtolength on input line 81.
\calc@Ccount=\count305
\calc@Cskip=\skip64
)
(/usr/share/texlive/texmf-dist/tex/latex/eso-pic/eso-pic.sty
Package: eso-pic 2020/10/14 v3.0a eso-pic (RN)
\ESO@tempdima=\dimen190
\ESO@tempdimb=\dimen191

(/usr/share/texlive/texmf-dist/tex/latex/xcolor/xcolor.sty
Package: xcolor 2022/06/12 v2.14 LaTeX color extensions (UK)

(/usr/share/texlive/texmf-dist/tex/latex/graphics-cfg/color.cfg
File: color.cfg 2016/01/02 v1.6 sample color configuration
)
Package xcolor Info: Driver file: pdftex.def on input line 227.

(/usr/share/texlive/texmf-dist/tex/latex/graphics/mathcolor.ltx)
Package xcolor Info: Model `cmy' substituted by `cmy0' on input line 1353.
Package xcolor Info: Model `hsb' substituted by `rgb' on input line 1357.
Package xcolor Info: Model `RGB' extended on input line 1369.
Package xcolor Info: Model `HTML' substituted by `rgb' on input line 1371.
Package xcolor Info: Model `Hsb' substituted by `hsb' on input line 1372.
Package xcolor Info: Model `tHsb' substituted by `hsb' on input line 1373.
Package xcolor Info: Model `HSB' substituted by `hsb' on input line 1374.
Package xcolor Info: Model `Gray' substituted by `gray' on input line 1375.
Package xcolor Info: Model `wave' substituted by `hsb' on input line 1376.
))
\AM@pagewidth=\dimen192
\AM@pageheight=\dimen193
\AM@fboxrule=\dimen194

(/usr/share/texlive/texmf-dist/tex/latex/pdfpages/pppdftex.def
File: pppdftex.def 2022/12/19 v0.5x Pdfpages driver for pdfTeX (AM)
)
\pdfpages@includegraphics@status=\count306
\AM@pagebox=\box60
\AM@global@opts=\toks28
\AM@pagecnt=\count307
\AM@toc@title=\toks29
\AM@lof@heading=\toks30
\c@AM@survey=\count308
\AM@templatesizebox=\box61
)
(/usr/share/texlive/texmf-dist/tex/latex/fancyhdr/fancyhdr.sty
Package: fancyhdr 2022/11/09 v4.1 Extensive control of page headers and footers

\f@nch@headwidth=\skip65
\f@nch@O@elh=\skip66
\f@nch@O@erh=\skip67
\f@nch@O@olh=\skip68
\f@nch@O@orh=\skip69
\f@nch@O@elf=\skip70
\f@nch@O@erf=\skip71
\f@nch@O@olf=\skip72
\f@nch@O@orf=\skip73
)
(/usr/share/texlive/texmf-dist/tex/latex/titlesec/titlesec.sty
Package: titlesec 2021/07/05 v2.14 Sectioning titles
\ttl@box=\box62
\beforetitleunit=\skip74
\aftertitleunit=\skip75
\ttl@plus=\dimen195
\ttl@minus=\dimen196
\ttl@toksa=\toks31
\titlewidth=\dimen197
\titlewidthlast=\dimen198
\titlewidthfirst=\dimen199
)
(/usr/share/texlive/texmf-dist/tex/latex/tocloft/tocloft.sty
Package: tocloft 2017/08/31 v2.3i parameterised ToC, etc., typesetting
Package tocloft Info: The document has section divisions on input line 51.
\cftparskip=\skip76
\cftbeforetoctitleskip=\skip77
\cftaftertoctitleskip=\skip78
\cftbeforepartskip=\skip79
\cftpartnumwidth=\skip80
\cftpartindent=\skip81
\cftbeforesecskip=\skip82
\cftsecindent=\skip83
\cftsecnumwidth=\skip84
\cftbeforesubsecskip=\skip85
\cftsubsecindent=\skip86
\cftsubsecnumwidth=\skip87
\cftbeforesubsubsecskip=\skip88
\cftsubsubsecindent=\skip89
\cftsubsubsecnumwidth=\skip90
\cftbeforeparaskip=\skip91
\cftparaindent=\skip92
\cftparanumwidth=\skip93
\cftbeforesubparaskip=\skip94
\cftsubparaindent=\skip95
\cftsubparanumwidth=\skip96
\cftbeforeloftitleskip=\skip97
\cftafterloftitleskip=\skip98
\cftbeforefigskip=\skip99
\cftfigindent=\skip100
\cftfignumwidth=\skip101
\c@lofdepth=\count309
\c@lotdepth=\count310
\cftbeforelottitleskip=\skip102
\cftafterlottitleskip=\skip103
\cftbeforetabskip=\skip104
\cfttabindent=\skip105
\cfttabnumwidth=\skip106
)
LaTeX Font Info:    Trying to load font information for T1+ptm on input line 99
.

(/usr/share/texlive/texmf-dist/tex/latex/psnfss/t1ptm.fd
File: t1ptm.fd 2001/06/04 font definitions for T1/ptm.
)
(/usr/share/texlive/texmf-dist/tex/latex/l3backend/l3backend-pdftex.def
File: l3backend-pdftex.def 2023-01-16 L3 backend support: PDF output (pdfTeX)
\l__color_backend_stack_int=\count311
\l__pdf_internal_box=\box63
)
(./main.aux)
\openout1 = `main.aux'.

LaTeX Font Info:    Checking defaults for OML/cmm/m/it on input line 99.
LaTeX Font Info:    ... okay on input line 99.
LaTeX Font Info:    Checking defaults for OMS/cmsy/m/n on input line 99.
LaTeX Font Info:    ... okay on input line 99.
LaTeX Font Info:    Checking defaults for OT1/cmr/m/n on input line 99.
LaTeX Font Info:    ... okay on input line 99.
LaTeX Font Info:    Checking defaults for T1/cmr/m/n on input line 99.
LaTeX Font Info:    ... okay on input line 99.
LaTeX Font Info:    Checking defaults for TS1/cmr/m/n on input line 99.
LaTeX Font Info:    ... okay on input line 99.
LaTeX Font Info:    Checking defaults for OMX/cmex/m/n on input line 99.
LaTeX Font Info:    ... okay on input line 99.
LaTeX Font Info:    Checking defaults for U/cmr/m/n on input line 99.
LaTeX Font Info:    ... okay on input line 99.
LaTeX Font Info:    Checking defaults for PD1/pdf/m/n on input line 99.
LaTeX Font Info:    ... okay on input line 99.
LaTeX Font Info:    Checking defaults for PU/pdf/m/n on input line 99.
LaTeX Font Info:    ... okay on input line 99.

*geometry* driver: auto-detecting
*geometry* detected driver: pdftex
*geometry* verbose mode - [ preamble ] result:
* driver: pdftex
* paper: a4paper
* layout: <same size as paper>
* layoutoffset:(h,v)=(0.0pt,0.0pt)
* modes: 
* h-part:(L,W,R)=(71.13188pt, 455.24411pt, 71.13188pt)
* v-part:(T,H,B)=(71.13188pt, 702.78308pt, 71.13188pt)
* \paperwidth=597.50787pt
* \paperheight=845.04684pt
* \textwidth=455.24411pt
* \textheight=702.78308pt
* \oddsidemargin=-1.1381pt
* \evensidemargin=-1.1381pt
* \topmargin=-38.1381pt
* \headheight=12.0pt
* \headsep=25.0pt
* \topskip=12.0pt
* \footskip=30.0pt
* \marginparwidth=35.0pt
* \marginparsep=10.0pt
* \columnsep=10.0pt
* \skip\footins=10.8pt plus 4.0pt minus 2.0pt
* \hoffset=0.0pt
* \voffset=0.0pt
* \mag=1000
* \@twocolumnfalse
* \@twosidefalse
* \@mparswitchfalse
* \@reversemarginfalse
* (1in=72.27pt=25.4mm, 1cm=28.453pt)

(/usr/share/texlive/texmf-dist/tex/context/base/mkii/supp-pdf.mkii
[Loading MPS to PDF converter (version 2006.09.02).]
\scratchcounter=\count312
\scratchdimen=\dimen256
\scratchbox=\box64
\nofMPsegments=\count313
\nofMParguments=\count314
\everyMPshowfont=\toks32
\MPscratchCnt=\count315
\MPscratchDim=\dimen257
\MPnumerator=\count316
\makeMPintoPDFobject=\count317
\everyMPtoPDFconversion=\toks33
) (/usr/share/texlive/texmf-dist/tex/latex/epstopdf-pkg/epstopdf-base.sty
Package: epstopdf-base 2020-01-24 v2.11 Base part for package epstopdf
Package epstopdf-base Info: Redefining graphics rule for `.eps' on input line 4
85.

(/usr/share/texlive/texmf-dist/tex/latex/latexconfig/epstopdf-sys.cfg
File: epstopdf-sys.cfg 2010/07/13 v1.3 Configuration of (r)epstopdf for TeX Liv
e
))
Package caption Info: Begin \AtBeginDocument code.
Package caption Info: hyperref package is loaded.
Package caption Info: longtable package is loaded.

(/usr/share/texlive/texmf-dist/tex/latex/caption/ltcaption.sty
Package: ltcaption 2021/01/08 v1.4c longtable captions (AR)
)
Package caption Info: End \AtBeginDocument code.
Package hyperref Info: Link coloring ON on input line 99.
 (./main.out)
(./main.out)
\@outlinefile=\write3
\openout3 = `main.out'.

 (/usr/share/texlive/texmf-dist/tex/latex/pdflscape/pdflscape.sty
Package: pdflscape 2022-10-27 v0.13 Display of landscape pages in PDF

(/usr/share/texlive/texmf-dist/tex/latex/pdflscape/pdflscape-nometadata.sty
Package: pdflscape-nometadata 2022-10-28 v0.13 Display of landscape pages in PD
F (HO)

(/usr/share/texlive/texmf-dist/tex/latex/graphics/lscape.sty
Package: lscape 2020/05/28 v3.02 Landscape Pages (DPC)
)
Package pdflscape Info: Auto-detected driver: pdftex on input line 81.
))
(./00_pre_textuais.tex [1

{/var/lib/texmf/fonts/map/pdftex/updmap/pdftex.map}]
<SEI_6241624_Termo_de_Ciencia_e_de_Autorizacao_TCCG__RI__TECA.pdf, id=84, 597.2
3125pt x 845.1575pt>
File: SEI_6241624_Termo_de_Ciencia_e_de_Autorizacao_TCCG__RI__TECA.pdf Graphic 
file (type pdf)
<use SEI_6241624_Termo_de_Ciencia_e_de_Autorizacao_TCCG__RI__TECA.pdf>
Package pdftex.def Info: SEI_6241624_Termo_de_Ciencia_e_de_Autorizacao_TCCG__RI
__TECA.pdf  used on input line 31.
(pdftex.def)             Requested size: 597.22978pt x 845.15544pt.
File: SEI_6241624_Termo_de_Ciencia_e_de_Autorizacao_TCCG__RI__TECA.pdf Graphic 
file (type pdf)
<use SEI_6241624_Termo_de_Ciencia_e_de_Autorizacao_TCCG__RI__TECA.pdf>
Package pdftex.def Info: SEI_6241624_Termo_de_Ciencia_e_de_Autorizacao_TCCG__RI
__TECA.pdf  used on input line 31.
(pdftex.def)             Requested size: 597.22978pt x 845.15544pt.
<SEI_6241624_Termo_de_Ciencia_e_de_Autorizacao_TCCG__RI__TECA.pdf, id=87, page=
1, 597.23125pt x 845.1575pt>
File: SEI_6241624_Termo_de_Ciencia_e_de_Autorizacao_TCCG__RI__TECA.pdf Graphic 
file (type pdf)
<use SEI_6241624_Termo_de_Ciencia_e_de_Autorizacao_TCCG__RI__TECA.pdf, page 1>
Package pdftex.def Info: SEI_6241624_Termo_de_Ciencia_e_de_Autorizacao_TCCG__RI
__TECA.pdf , page1 used on input line 31.
(pdftex.def)             Requested size: 597.22978pt x 845.15544pt.
File: SEI_6241624_Termo_de_Ciencia_e_de_Autorizacao_TCCG__RI__TECA.pdf Graphic 
file (type pdf)
<use SEI_6241624_Termo_de_Ciencia_e_de_Autorizacao_TCCG__RI__TECA.pdf, page 1>
Package pdftex.def Info: SEI_6241624_Termo_de_Ciencia_e_de_Autorizacao_TCCG__RI
__TECA.pdf , page1 used on input line 31.
(pdftex.def)             Requested size: 597.25711pt x 845.19412pt.
File: SEI_6241624_Termo_de_Ciencia_e_de_Autorizacao_TCCG__RI__TECA.pdf Graphic 
file (type pdf)
<use SEI_6241624_Termo_de_Ciencia_e_de_Autorizacao_TCCG__RI__TECA.pdf, page 1>
Package pdftex.def Info: SEI_6241624_Termo_de_Ciencia_e_de_Autorizacao_TCCG__RI
__TECA.pdf , page1 used on input line 31.
(pdftex.def)             Requested size: 597.25711pt x 845.19412pt.
File: SEI_6241624_Termo_de_Ciencia_e_de_Autorizacao_TCCG__RI__TECA.pdf Graphic 
file (type pdf)
<use SEI_6241624_Termo_de_Ciencia_e_de_Autorizacao_TCCG__RI__TECA.pdf, page 1>
Package pdftex.def Info: SEI_6241624_Termo_de_Ciencia_e_de_Autorizacao_TCCG__RI
__TECA.pdf , page1 used on input line 31.
(pdftex.def)             Requested size: 597.25711pt x 845.19412pt.
File: SEI_6241624_Termo_de_Ciencia_e_de_Autorizacao_TCCG__RI__TECA.pdf Graphic 
file (type pdf)
<use SEI_6241624_Termo_de_Ciencia_e_de_Autorizacao_TCCG__RI__TECA.pdf, page 1>
Package pdftex.def Info: SEI_6241624_Termo_de_Ciencia_e_de_Autorizacao_TCCG__RI
__TECA.pdf , page1 used on input line 31.
(pdftex.def)             Requested size: 597.25711pt x 845.19412pt.

[2 <./SEI_6241624_Termo_de_Ciencia_e_de_Autorizacao_TCCG__RI__TECA.pdf>]
LaTeX Font Info:    Trying to load font information for OT1+ztmcm on input line
 59.

(/usr/share/texlive/texmf-dist/tex/latex/psnfss/ot1ztmcm.fd
File: ot1ztmcm.fd 2000/01/03 Fontinst v1.801 font definitions for OT1/ztmcm.
)
LaTeX Font Info:    Trying to load font information for OML+ztmcm on input line
 59.

(/usr/share/texlive/texmf-dist/tex/latex/psnfss/omlztmcm.fd
File: omlztmcm.fd 2000/01/03 Fontinst v1.801 font definitions for OML/ztmcm.
)
LaTeX Font Info:    Trying to load font information for OMS+ztmcm on input line
 59.

(/usr/share/texlive/texmf-dist/tex/latex/psnfss/omsztmcm.fd
File: omsztmcm.fd 2000/01/03 Fontinst v1.801 font definitions for OMS/ztmcm.
)
LaTeX Font Info:    Trying to load font information for OMX+ztmcm on input line
 59.

(/usr/share/texlive/texmf-dist/tex/latex/psnfss/omxztmcm.fd
File: omxztmcm.fd 2000/01/03 Fontinst v1.801 font definitions for OMX/ztmcm.
)
LaTeX Font Info:    Trying to load font information for OT1+ptm on input line 5
9.

(/usr/share/texlive/texmf-dist/tex/latex/psnfss/ot1ptm.fd
File: ot1ptm.fd 2001/06/04 font definitions for OT1/ptm.
)
LaTeX Font Info:    Font shape `OT1/ptm/bx/n' in size <12> not available
(Font)              Font shape `OT1/ptm/b/n' tried instead on input line 59.
LaTeX Font Info:    Font shape `OT1/ptm/bx/n' in size <9> not available
(Font)              Font shape `OT1/ptm/b/n' tried instead on input line 59.
LaTeX Font Info:    Font shape `OT1/ptm/bx/n' in size <7> not available
(Font)              Font shape `OT1/ptm/b/n' tried instead on input line 59.

Overfull \hbox (2.28003pt too wide) in paragraph at lines 52--60
 |  $[]$ 
 []



pdfTeX warning: pdflatex (file ./ficha-catalografica.pdf): PDF inclusion: found
 PDF version <1.7>, but at most version <1.5> allowed
<ficha-catalografica.pdf, id=109, 597.51233pt x 845.0471pt>
File: ficha-catalografica.pdf Graphic file (type pdf)
<use ficha-catalografica.pdf>
Package pdftex.def Info: ficha-catalografica.pdf  used on input line 67.
(pdftex.def)             Requested size: 597.51086pt x 845.04504pt.


pdfTeX warning: pdflatex (file ./ficha-catalografica.pdf): PDF inclusion: found
 PDF version <1.7>, but at most version <1.5> allowed
File: ficha-catalografica.pdf Graphic file (type pdf)
<use ficha-catalografica.pdf>
Package pdftex.def Info: ficha-catalografica.pdf  used on input line 67.
(pdftex.def)             Requested size: 597.51086pt x 845.04504pt.


pdfTeX warning: pdflatex (file ./ficha-catalografica.pdf): PDF inclusion: found
 PDF version <1.7>, but at most version <1.5> allowed


pdfTeX warning: pdflatex (file ./ficha-catalografica.pdf): PDF inclusion: found
 PDF version <1.7>, but at most version <1.5> allowed
<ficha-catalografica.pdf, id=112, page=1, 597.51233pt x 845.0471pt>
File: ficha-catalografica.pdf Graphic file (type pdf)
<use ficha-catalografica.pdf, page 1>
Package pdftex.def Info: ficha-catalografica.pdf , page1 used on input line 67.

(pdftex.def)             Requested size: 597.51086pt x 845.04504pt.
File: ficha-catalografica.pdf Graphic file (type pdf)
<use ficha-catalografica.pdf, page 1>
Package pdftex.def Info: ficha-catalografica.pdf , page1 used on input line 67.

(pdftex.def)             Requested size: 597.53821pt x 845.08372pt.
[3]
File: ficha-catalografica.pdf Graphic file (type pdf)
<use ficha-catalografica.pdf, page 1>
Package pdftex.def Info: ficha-catalografica.pdf , page1 used on input line 67.

(pdftex.def)             Requested size: 597.53821pt x 845.08372pt.
File: ficha-catalografica.pdf Graphic file (type pdf)
<use ficha-catalografica.pdf, page 1>
Package pdftex.def Info: ficha-catalografica.pdf , page1 used on input line 67.

(pdftex.def)             Requested size: 597.53821pt x 845.08372pt.
File: ficha-catalografica.pdf Graphic file (type pdf)
<use ficha-catalografica.pdf, page 1>
Package pdftex.def Info: ficha-catalografica.pdf , page1 used on input line 67.

(pdftex.def)             Requested size: 597.53821pt x 845.08372pt.
 [4 <./ficha-catalografica.pdf>]
<SEI_6241583_Ata_de_Defesa_de_Trabalho_de_Conclusao_de_Curso.pdf, id=125, 597.2
3125pt x 845.1575pt>
File: SEI_6241583_Ata_de_Defesa_de_Trabalho_de_Conclusao_de_Curso.pdf Graphic f
ile (type pdf)
<use SEI_6241583_Ata_de_Defesa_de_Trabalho_de_Conclusao_de_Curso.pdf>
Package pdftex.def Info: SEI_6241583_Ata_de_Defesa_de_Trabalho_de_Conclusao_de_
Curso.pdf  used on input line 71.
(pdftex.def)             Requested size: 597.22978pt x 845.15544pt.
File: SEI_6241583_Ata_de_Defesa_de_Trabalho_de_Conclusao_de_Curso.pdf Graphic f
ile (type pdf)
<use SEI_6241583_Ata_de_Defesa_de_Trabalho_de_Conclusao_de_Curso.pdf>
Package pdftex.def Info: SEI_6241583_Ata_de_Defesa_de_Trabalho_de_Conclusao_de_
Curso.pdf  used on input line 71.
(pdftex.def)             Requested size: 597.22978pt x 845.15544pt.
<SEI_6241583_Ata_de_Defesa_de_Trabalho_de_Conclusao_de_Curso.pdf, id=128, page=
1, 597.23125pt x 845.1575pt>
File: SEI_6241583_Ata_de_Defesa_de_Trabalho_de_Conclusao_de_Curso.pdf Graphic f
ile (type pdf)
<use SEI_6241583_Ata_de_Defesa_de_Trabalho_de_Conclusao_de_Curso.pdf, page 1>
Package pdftex.def Info: SEI_6241583_Ata_de_Defesa_de_Trabalho_de_Conclusao_de_
Curso.pdf , page1 used on input line 71.
(pdftex.def)             Requested size: 597.22978pt x 845.15544pt.
File: SEI_6241583_Ata_de_Defesa_de_Trabalho_de_Conclusao_de_Curso.pdf Graphic f
ile (type pdf)
<use SEI_6241583_Ata_de_Defesa_de_Trabalho_de_Conclusao_de_Curso.pdf, page 1>
Package pdftex.def Info: SEI_6241583_Ata_de_Defesa_de_Trabalho_de_Conclusao_de_
Curso.pdf , page1 used on input line 71.
(pdftex.def)             Requested size: 597.25711pt x 845.19412pt.
File: SEI_6241583_Ata_de_Defesa_de_Trabalho_de_Conclusao_de_Curso.pdf Graphic f
ile (type pdf)
<use SEI_6241583_Ata_de_Defesa_de_Trabalho_de_Conclusao_de_Curso.pdf, page 1>
Package pdftex.def Info: SEI_6241583_Ata_de_Defesa_de_Trabalho_de_Conclusao_de_
Curso.pdf , page1 used on input line 71.
(pdftex.def)             Requested size: 597.25711pt x 845.19412pt.
File: SEI_6241583_Ata_de_Defesa_de_Trabalho_de_Conclusao_de_Curso.pdf Graphic f
ile (type pdf)
<use SEI_6241583_Ata_de_Defesa_de_Trabalho_de_Conclusao_de_Curso.pdf, page 1>
Package pdftex.def Info: SEI_6241583_Ata_de_Defesa_de_Trabalho_de_Conclusao_de_
Curso.pdf , page1 used on input line 71.
(pdftex.def)             Requested size: 597.25711pt x 845.19412pt.
File: SEI_6241583_Ata_de_Defesa_de_Trabalho_de_Conclusao_de_Curso.pdf Graphic f
ile (type pdf)
<use SEI_6241583_Ata_de_Defesa_de_Trabalho_de_Conclusao_de_Curso.pdf, page 1>
Package pdftex.def Info: SEI_6241583_Ata_de_Defesa_de_Trabalho_de_Conclusao_de_
Curso.pdf , page1 used on input line 71.
(pdftex.def)             Requested size: 597.25711pt x 845.19412pt.
 [5 <./SEI_6241583_Ata_de_Defesa_de_Trabalho_de_Conclusao_de_Curso.pdf>] [6]) (
./01_resumo_abstract.tex [7

]) [8

]
(./main.lof [9

]
Overfull \hbox (8.22733pt too wide) in paragraph at lines 15--15
 [][] [][][]\T1/ptm/m/n/12 Mosaico do sis-tema DPPC/DSPC/Colesterol (40% mol) a
 333 K. Em (a), observa- 
 []

)
\tf@lof=\write4
\openout4 = `main.lof'.

 [10] (./main.lot)
\tf@lot=\write5
\openout5 = `main.lot'.

 [11

] (./01b_listas.tex [12

]) (./main.toc)
\tf@toc=\write6
\openout6 = `main.toc'.

 [13

]
\c@paginaspretextuais=\count318

(./02_introducao.tex) (./03_objetivos.tex) (./04_revisao_bibliografica.tex
[14


]
Overfull \hbox (0.34398pt too wide) in paragraph at lines 30--31
[]\T1/ptm/m/n/12 Embora abor-da-gens to-tal-mente ato-mís-ti-cas (\T1/ptm/m/it/
12 All-Atom\T1/ptm/m/n/12 ) ofe-re-çam uma re-so-lu-ção de-ta-lhada,
 []

[15] [16]) (./05_metodologia.tex [17] [18

]
LaTeX Font Info:    Trying to load font information for T1+cmtt on input line 5
1.

(/usr/share/texlive/texmf-dist/tex/latex/base/t1cmtt.fd
File: t1cmtt.fd 2022/07/10 v2.5l Standard LaTeX font definitions
)) (./06_resultados.tex
[19] [20]
<imagens/figura_4_1_google.png, id=409, 706.8006pt x 417.7206pt>
File: imagens/figura_4_1_google.png Graphic file (type png)
<use imagens/figura_4_1_google.png>
Package pdftex.def Info: imagens/figura_4_1_google.png  used on input line 10.
(pdftex.def)             Requested size: 455.24411pt x 269.05484pt.
<imagens/mosaico_figura_4_2.png, id=413, 446.8695pt x 279.2031pt>
File: imagens/mosaico_figura_4_2.png Graphic file (type png)
<use imagens/mosaico_figura_4_2.png>
Package pdftex.def Info: imagens/mosaico_figura_4_2.png  used on input line 20.

(pdftex.def)             Requested size: 455.24411pt x 284.45108pt.
LaTeX Font Info:    Font shape `OT1/ptm/bx/n' in size <10.95> not available
(Font)              Font shape `OT1/ptm/b/n' tried instead on input line 21.
LaTeX Font Info:    Font shape `OT1/ptm/bx/n' in size <8> not available
(Font)              Font shape `OT1/ptm/b/n' tried instead on input line 21.
LaTeX Font Info:    Font shape `OT1/ptm/bx/n' in size <6> not available
(Font)              Font shape `OT1/ptm/b/n' tried instead on input line 21.
 [21

] [22 <./imagens/figura_4_1_google.png> <./imagens/mosaico_figura_4_2.png>] [23
]
<imagens/analise_estabilidade_DSPC_completa.png, id=437, 448.074pt x 267.399pt>

File: imagens/analise_estabilidade_DSPC_completa.png Graphic file (type png)
<use imagens/analise_estabilidade_DSPC_completa.png>
Package pdftex.def Info: imagens/analise_estabilidade_DSPC_completa.png  used o
n input line 76.
(pdftex.def)             Requested size: 455.24411pt x 271.68253pt.
<imagens/grafico_APL_15W_L.png, id=440, 448.074pt x 296.307pt>
File: imagens/grafico_APL_15W_L.png Graphic file (type png)
<use imagens/grafico_APL_15W_L.png>
Package pdftex.def Info: imagens/grafico_APL_15W_L.png  used on input line 86.
(pdftex.def)             Requested size: 455.24411pt x 301.0536pt.
<imagens/grafico_APL_27W_L.png, id=441, 461.8053pt x 296.307pt>
File: imagens/grafico_APL_27W_L.png Graphic file (type png)
<use imagens/grafico_APL_27W_L.png>
Package pdftex.def Info: imagens/grafico_APL_27W_L.png  used on input line 94.
(pdftex.def)             Requested size: 455.24411pt x 292.11052pt.
<imagens/comparativo_global_misturas.png, id=443, 447.1104pt x 368.577pt>
File: imagens/comparativo_global_misturas.png Graphic file (type png)
<use imagens/comparativo_global_misturas.png>
Package pdftex.def Info: imagens/comparativo_global_misturas.png  used on input
 line 104.
(pdftex.def)             Requested size: 455.24411pt x 375.29115pt.
 [24] [25 <./imagens/analise_estabilidade_DSPC_completa.png> <./imagens/grafico
_APL_15W_L.png>]
<imagens/grafico_espessura_45W_L.png, id=459, 447.8331pt x 296.307pt>
File: imagens/grafico_espessura_45W_L.png Graphic file (type png)
<use imagens/grafico_espessura_45W_L.png>
Package pdftex.def Info: imagens/grafico_espessura_45W_L.png  used on input lin
e 120.
(pdftex.def)             Requested size: 386.96027pt x 256.0398pt.
 [26 <./imagens/grafico_APL_27W_L.png>] [27 <./imagens/comparativo_global_mistu
ras.png>] [28 <./imagens/grafico_espessura_45W_L.png>]
<imagens/comparativo_chol_global.png, id=482, 447.1104pt x 368.577pt>
File: imagens/comparativo_chol_global.png Graphic file (type png)
<use imagens/comparativo_chol_global.png>
Package pdftex.def Info: imagens/comparativo_chol_global.png  used on input lin
e 185.
(pdftex.def)             Requested size: 455.24411pt x 375.29115pt.
<imagens/grafico_APL_CHOL_30.png, id=484, 447.8331pt x 296.307pt>
File: imagens/grafico_APL_CHOL_30.png Graphic file (type png)
<use imagens/grafico_APL_CHOL_30.png>
Package pdftex.def Info: imagens/grafico_APL_CHOL_30.png  used on input line 19
7.
(pdftex.def)             Requested size: 455.24411pt x 301.22089pt.
 [29] [30 <./imagens/comparativo_chol_global.png>]
<imagens/comparativo_global_salino.png, id=495, 443.4969pt x 368.577pt>
File: imagens/comparativo_global_salino.png Graphic file (type png)
<use imagens/comparativo_global_salino.png>
Package pdftex.def Info: imagens/comparativo_global_salino.png  used on input l
ine 211.
(pdftex.def)             Requested size: 455.24411pt x 378.36188pt.
 [31 <./imagens/grafico_APL_CHOL_30.png>] [32 <./imagens/comparativo_global_sal
ino.png>]
Overfull \hbox (11.79015pt too wide) in paragraph at lines 225--225
|[]\T1/ptm/b/n/14 ANÁLISE TER-MO-DI-NÂ-MICA GLO-BAL: COU-LOMB VS. LENNARD-
 []

<imagens/comparativo_Coulomb_Exato.png, id=514, 1135.8435pt x 598.6365pt>
File: imagens/comparativo_Coulomb_Exato.png Graphic file (type png)
<use imagens/comparativo_Coulomb_Exato.png>
Package pdftex.def Info: imagens/comparativo_Coulomb_Exato.png  used on input l
ine 243.
(pdftex.def)             Requested size: 409.71692pt x 215.9383pt.
<imagens/comparativo_LJ_Exato.png, id=515, 1135.8435pt x 598.6365pt>
File: imagens/comparativo_LJ_Exato.png Graphic file (type png)
<use imagens/comparativo_LJ_Exato.png>
Package pdftex.def Info: imagens/comparativo_LJ_Exato.png  used on input line 2
49.
(pdftex.def)             Requested size: 409.71692pt x 215.9383pt.
[33] [34 <./imagens/comparativo_Coulomb_Exato.png> <./imagens/comparativo_LJ_Ex
ato.png>] [35] [36] [37]
<imagens/grafico_cp_27w.png, id=555, 1144.7568pt x 456.7464pt>
File: imagens/grafico_cp_27w.png Graphic file (type png)
<use imagens/grafico_cp_27w.png>
Package pdftex.def Info: imagens/grafico_cp_27w.png  used on input line 310.
(pdftex.def)             Requested size: 455.24411pt x 181.63597pt.

Overfull \hbox (15.89142pt too wide) in paragraph at lines 326--326
|[]\T1/ptm/b/n/14 TOPOLOGIA IN-TER-FA-CIAL E EM-PA-CO-TA-MENTO HI-DRO-FÓ-BICO:
 []

[38 <./imagens/grafico_cp_27w.png>]
<imagens/img1.jpg, id=562, 1631.09375pt x 1351.0475pt>
File: imagens/img1.jpg Graphic file (type jpg)
<use imagens/img1.jpg>
Package pdftex.def Info: imagens/img1.jpg  used on input line 339.
(pdftex.def)             Requested size: 109.26108pt x 90.50116pt.
<imagens/img3.jpg, id=563, 1758.57pt x 1662.21pt>
File: imagens/img3.jpg Graphic file (type jpg)
<use imagens/img3.jpg>
Package pdftex.def Info: imagens/img3.jpg  used on input line 345.
(pdftex.def)             Requested size: 109.26108pt x 103.25378pt.
LaTeX Font Info:    Font shape `OT1/ptm/bx/n' in size <10> not available
(Font)              Font shape `OT1/ptm/b/n' tried instead on input line 346.
LaTeX Font Info:    Font shape `OT1/ptm/bx/n' in size <7.4> not available
(Font)              Font shape `OT1/ptm/b/n' tried instead on input line 346.
<imagens/img4.jpg, id=564, 1758.57pt x 1662.21pt>
File: imagens/img4.jpg Graphic file (type jpg)
<use imagens/img4.jpg>
Package pdftex.def Info: imagens/img4.jpg  used on input line 351.
(pdftex.def)             Requested size: 109.26108pt x 103.25378pt.
<imagens/img5.jpg, id=565, 1758.57pt x 1662.21pt>
File: imagens/img5.jpg Graphic file (type jpg)
<use imagens/img5.jpg>
Package pdftex.def Info: imagens/img5.jpg  used on input line 357.
(pdftex.def)             Requested size: 109.26108pt x 103.25378pt.
<imagens/img6.jpg, id=566, 1758.57pt x 1662.21pt>
File: imagens/img6.jpg Graphic file (type jpg)
<use imagens/img6.jpg>
Package pdftex.def Info: imagens/img6.jpg  used on input line 366.
(pdftex.def)             Requested size: 109.26108pt x 103.25378pt.
<imagens/img7.jpg, id=567, 1758.57pt x 1662.21pt>
File: imagens/img7.jpg Graphic file (type jpg)
<use imagens/img7.jpg>
Package pdftex.def Info: imagens/img7.jpg  used on input line 372.
(pdftex.def)             Requested size: 109.26108pt x 103.25378pt.
<imagens/img8.jpg, id=568, 1758.57pt x 1662.21pt>
File: imagens/img8.jpg Graphic file (type jpg)
<use imagens/img8.jpg>
Package pdftex.def Info: imagens/img8.jpg  used on input line 378.
(pdftex.def)             Requested size: 109.26108pt x 103.25378pt.
<imagens/img9.jpg, id=569, 1758.57pt x 1662.21pt>
File: imagens/img9.jpg Graphic file (type jpg)
<use imagens/img9.jpg>
Package pdftex.def Info: imagens/img9.jpg  used on input line 384.
(pdftex.def)             Requested size: 109.26108pt x 103.25378pt.
 [39 <./imagens/img1.jpg (PNG copy)> <./imagens/img3.jpg (PNG copy)> <./imagens
/img4.jpg (PNG copy)> <./imagens/img5.jpg (PNG copy)> <./imagens/img6.jpg (PNG 
copy)> <./imagens/img7.jpg (PNG copy)> <./imagens/img8.jpg (PNG copy)> <./image
ns/img9.jpg (PNG copy)>]
<imagens/img_panoramica_140505.png, id=575, 1534.73375pt x 525.965pt>
File: imagens/img_panoramica_140505.png Graphic file (type png)
<use imagens/img_panoramica_140505.png>
Package pdftex.def Info: imagens/img_panoramica_140505.png  used on input line 
401.
(pdftex.def)             Requested size: 432.48051pt x 148.20818pt.
<imagens/img_persp_135957.png, id=576, 1191.45125pt x 1542.76375pt>
File: imagens/img_persp_135957.png Graphic file (type png)
<use imagens/img_persp_135957.png>
Package pdftex.def Info: imagens/img_persp_135957.png  used on input line 410.
(pdftex.def)             Requested size: 141.12456pt x 182.72252pt.
<imagens/img_persp_140217.png, id=577, 1191.45125pt x 1542.76375pt>
File: imagens/img_persp_140217.png Graphic file (type png)
<use imagens/img_persp_140217.png>
Package pdftex.def Info: imagens/img_persp_140217.png  used on input line 416.
(pdftex.def)             Requested size: 141.12456pt x 182.72252pt.
<imagens/img_persp_140322.png, id=578, 1191.45125pt x 1542.76375pt>
File: imagens/img_persp_140322.png Graphic file (type png)
<use imagens/img_persp_140322.png>
Package pdftex.def Info: imagens/img_persp_140322.png  used on input line 422.
(pdftex.def)             Requested size: 141.12456pt x 182.72252pt.
<imagens/dppc_lat.png, id=580, 963.6pt x 1158.3275pt>
File: imagens/dppc_lat.png Graphic file (type png)
<use imagens/dppc_lat.png>
Package pdftex.def Info: imagens/dppc_lat.png  used on input line 439.
(pdftex.def)             Requested size: 118.36096pt x 142.2631pt.
<imagens/dspc_lat.png, id=581, 963.6pt x 1158.3275pt>
File: imagens/dspc_lat.png Graphic file (type png)
<use imagens/dspc_lat.png>
Package pdftex.def Info: imagens/dspc_lat.png  used on input line 445.
(pdftex.def)             Requested size: 118.36096pt x 142.2631pt.
<imagens/dppc_iso.png, id=582, 963.6pt x 1158.3275pt>
File: imagens/dppc_iso.png Graphic file (type png)
<use imagens/dppc_iso.png>
Package pdftex.def Info: imagens/dppc_iso.png  used on input line 454.
(pdftex.def)             Requested size: 118.36096pt x 142.2631pt.
<imagens/dspc_iso.png, id=583, 963.6pt x 1158.3275pt>
File: imagens/dspc_iso.png Graphic file (type png)
<use imagens/dspc_iso.png>
Package pdftex.def Info: imagens/dspc_iso.png  used on input line 460.
(pdftex.def)             Requested size: 118.36096pt x 142.2631pt.
 [40 <./imagens/img_panoramica_140505.png (PNG copy)> <./imagens/img_persp_1359
57.png (PNG copy)> <./imagens/img_persp_140217.png (PNG copy)> <./imagens/img_p
ersp_140322.png (PNG copy)>]
Overfull \hbox (12.71506pt too wide) in paragraph at lines 482--482
|[]\T1/ptm/b/n/14 PERSPECTIVAS FU-TU-RAS: APRI-MO-RA-MEN-TOS PA-RA-MÉ-TRI-COS
 []

[41 <./imagens/dppc_lat.png (PNG copy)> <./imagens/dspc_lat.png (PNG copy)> <./
imagens/dppc_iso.png (PNG copy)> <./imagens/dspc_iso.png (PNG copy)>])
(./07_conclusao.tex [42]) [43

] (./main.bbl
Underfull \hbox (badness 1005) in paragraph at lines 43--50
[]\T1/ptm/m/n/12 Karel Pauk-ner, Ivana Krá-lová Lesná & Ru-dolf Po-ledne.  Cho-
les-te-rol in the cell
 []

[44


]
Underfull \hbox (badness 1112) in paragraph at lines 145--150
[]\T1/ptm/m/n/12 GROMACS De-ve-lop-ment Team.  \T1/ptm/m/it/12 GRO-MACS 2024.0 
Source code do-cu-men-ta-tion\T1/ptm/m/n/12 .
 []

[45] [46]) [47] (./anexos.tex [48


] [49] [50] [51] [52] [53]) [54] (./main.aux)
Package rerunfilecheck Info: File `main.out' has not changed.
(rerunfilecheck)             Checksum: 17E31E7FA9A51828A1E260FC619AF9D6;4424.
 ) 
Here is how much of TeX's memory you used:
 15790 strings out of 476091
 259123 string characters out of 5794082
 2055330 words of memory out of 5000000
 35666 multiletter control sequences out of 15000+600000
 609186 words of font info for 160 fonts, out of 8000000 for 9000
 1141 hyphenation exceptions out of 8191
 75i,17n,77p,1316b,649s stack positions out of 10000i,1000n,20000p,200000b,200000s
{/usr/share/texmf/fonts/enc/dvips/cm-super/cm-super-t1.enc}{/usr/share/texliv
e/texmf-dist/fonts/enc/dvips/base/8r.enc}</usr/share/texlive/texmf-dist/fonts/t
ype1/public/amsfonts/cm/cmex10.pfb></usr/share/texlive/texmf-dist/fonts/type1/p
ublic/amsfonts/cm/cmmi10.pfb></usr/share/texlive/texmf-dist/fonts/type1/public/
amsfonts/cm/cmr10.pfb></usr/share/texlive/texmf-dist/fonts/type1/public/amsfont
s/cm/cmsy10.pfb></usr/share/texmf/fonts/type1/public/cm-super/sftt1200.pfb></us
r/share/texlive/texmf-dist/fonts/type1/urw/symbol/usyr.pfb></usr/share/texlive/
texmf-dist/fonts/type1/urw/symbol/usyr.pfb></usr/share/texlive/texmf-dist/fonts
/type1/urw/times/utmb8a.pfb></usr/share/texlive/texmf-dist/fonts/type1/urw/time
s/utmbi8a.pfb></usr/share/texlive/texmf-dist/fonts/type1/urw/times/utmr8a.pfb><
/usr/share/texlive/texmf-dist/fonts/type1/urw/times/utmri8a.pfb>
Output written on main.pdf (54 pages, 21127124 bytes).
PDF statistics:
 786 PDF objects out of 1000 (max. 8388607)
 634 compressed objects within 7 object streams
 133 named destinations out of 1000 (max. 500000)
 350 words of extra memory for PDF output out of 10000 (max. 10000000)

